// Jest Snapshot v1, https://goo.gl/fbAQLP

exports[`Pruebas con <PokeApp /> Debe mostrarse correctamente 1`] = `
<Fragment>
  <div
    className="language"
  >
    <h2>
      PokeApp
    </h2>
    <div
      className="lgGrid ml-auto"
      onClick={[Function]}
    >
      <img
        alt="Cambiar idioma al español"
        className="lg"
        src="argentina.svg"
      />
    </div>
    <div
      className="lgGrid"
      onClick={[Function]}
    >
      <img
        alt="Change language to English"
        className="lg"
        src="united-states.svg"
      />
    </div>
  </div>
  <Container
    fluid={false}
  >
    <Row
      className="justify-content-md-center align-self-center"
      noGutters={false}
    >
      <h3>
        Encontrá tu POKÉMON!!
      </h3>
    </Row>
    <PokeGrid
      lg="es"
    />
  </Container>
</Fragment>
`;
